#-----------------------------------------------------------
# Vivado v2022.1 (64-bit)
# SW Build 3526262 on Mon Apr 18 15:48:16 MDT 2022
# IP Build 3524634 on Mon Apr 18 20:55:01 MDT 2022
# Start of session at: Fri Jan 20 15:42:04 2023
# Process ID: 16528
# Current directory: C:/Users/Marco/Desktop/GitHub/Architettura/Esercizio2/Esercizio
# Command line: vivado.exe -gui_launcher_event rodinguilauncherevent22912 C:\Users\Marco\Desktop\GitHub\Architettura\Esercizio2\Esercizio\Esercizio.xpr
# Log file: C:/Users/Marco/Desktop/GitHub/Architettura/Esercizio2/Esercizio/vivado.log
# Journal file: C:/Users/Marco/Desktop/GitHub/Architettura/Esercizio2/Esercizio\vivado.jou
# Running On: LAPTOP-RRM7JM00, OS: Windows, CPU Frequency: 1800 MHz, CPU Physical cores: 4, Host memory: 8461 MB
#-----------------------------------------------------------
start_gui
open_project C:/Users/Marco/Desktop/GitHub/Architettura/Esercizio2/Esercizio/Esercizio.xpr
update_compile_order -fileset sources_1
# Disabling source management mode.  This is to allow the top design properties to be set without GUI intervention.
set_property source_mgmt_mode None [current_project]
set_property top encoder_on_board_display [current_fileset]
# Re-enabling previously disabled source management mode.
set_property source_mgmt_mode All [current_project]
update_compile_order -fileset sources_1
close_project
open_project C:/Users/Marco/Desktop/GitHub/Architettura/Esercizio2/Esercizio/Esercizio.xpr
update_compile_order -fileset sources_1
